// Jest Snapshot v1, https://goo.gl/fbAQLP

exports[`dog component renders dog 1`] = `
<ul>
  <li>
    name:
    skip
  </li>
  <li>
    age:
    6
  </li>
  <li>
    weight:
    700
  </li>
</ul>
`;
